[10:00:16] START 01_CESNET-TimeSeries24 <- https://zenodo.org/records/13382427/files/ids_relationship.csv?download=1
[10:00:21] OK    01_CESNET-TimeSeries24
[10:00:21] START 01_CESNET-TimeSeries24 <- https://zenodo.org/records/13382427/files/weekends_and_holidays.csv?download=1
[10:00:24] OK    01_CESNET-TimeSeries24
[10:00:24] START 01_CESNET-TimeSeries24 <- https://zenodo.org/records/13382427/files/times.tar.gz?download=1
[10:00:26] OK    01_CESNET-TimeSeries24
[10:00:26] START 01_CESNET-TimeSeries24 <- https://zenodo.org/records/13382427/files/ip_addresses_sample.tar.gz?download=1
[10:01:43] OK    09_VNAT VNAT_Feature_Dataframe_release_1.h5
[10:02:02] OK    01_CESNET-TimeSeries24
[10:02:02] START 01_CESNET-TimeSeries24 <- https://zenodo.org/records/13382427/files/institutions.tar.gz?download=1
[10:03:18] OK    /root/time-series-research/dataset/07_Edge-IIoTset/ML-EdgeIIoT-dataset.csv
[10:03:25] OK    /root/time-series-research/dataset/11_CIC-IDS-2017/CICIDS_Flow.parquet
[10:03:27] OK    09_VNAT VNAT_Dataframe_release_1.h5
[10:04:12] OK    08_ISCX-Tor-2016 (via github mirror trevor-m/deep-tor-detection)
[10:04:20] OK    12_UNSW-NB15 UNSW-NB15_1.csv
[10:05:38] OK    12_UNSW-NB15 UNSW-NB15_2.csv
[10:06:16] OK    01_CESNET-TimeSeries24
[10:06:16] START 01_CESNET-TimeSeries24 <- https://zenodo.org/records/13382427/files/institution_subnets.tar.gz?download=1
[10:08:08] OK    12_UNSW-NB15 UNSW-NB15_3.csv
[10:08:39] OK    12_UNSW-NB15 UNSW-NB15_4.csv
[10:10:53] OK    01_CESNET-TimeSeries24
[10:10:53] START 01_CESNET-TimeSeries24 <- https://zenodo.org/records/13382427/files/ip_addresses_full.tar.gz?download=1
[10:14:51] EXTRACTED ./01_CESNET-TimeSeries24/institution_subnets.tar.gz
[10:15:42] EXTRACTED ./01_CESNET-TimeSeries24/institutions.tar.gz
[10:16:03] EXTRACTED ./01_CESNET-TimeSeries24/ip_addresses_sample.tar.gz
[10:16:03] EXTRACTED ./01_CESNET-TimeSeries24/times.tar.gz
[10:23:32] OK    05_DoH-Real-World/doh_resolver_ip.csv
[10:25:27] OK    03_CIC-Bell-DNS-2021/Scenarios.txt
[10:25:29] OK    13_CIC-DoH-Brw-2020/CSVs.zip
[10:25:43] OK    03_CIC-Bell-DNS-2021/CSVs-20240207T040926Z-001.zip
[10:25:49] OK    04_HTTPS-BruteForce/brute-force-dataset.zip
[10:26:59] OK    02_CESNET-MINER22/DeCryptoDatasets.tar.gz
[10:28:48] EXTRACTED ./02_CESNET-MINER22/DeCryptoDatasets.tar.gz
[10:28:51] EXTRACTED ./03_CIC-Bell-DNS-2021/CSVs-20240207T040926Z-001.zip
[2026-09-15 10:29:03] AUTOEXTRACT watcher started (pid 1414203)
[10:29:04] EXTRACTED ./04_HTTPS-BruteForce/brute-force-dataset.zip
[10:29:12] EXTRACTED ./13_CIC-DoH-Brw-2020/CSVs.zip
[10:35:13] OK    10_CTU-13/CTU-13-Dataset.tar.bz2
[11:07:43] OK    06_IoT-23/iot_23_datasets_small.tar.gz
[12:18:09] OK    05_DoH-Real-World/DoH-Real-World.tar.gz
[12:18:09] PARALLEL BATCH DONE
[2026-09-15 12:46:19] AUTOEXTRACT all downloads finished
[2026-09-15 12:46:19] AUTOEXTRACT extracting
[13:25:19] EXTRACTED ./05_DoH-Real-World/DoH-Real-World.tar.gz
[13:33:44] EXTRACTED ./06_IoT-23/iot_23_datasets_small.tar.gz
[2026-09-15 13:33:44] AUTOEXTRACT extraction complete
[2026-09-15 13:33:45] AUTOEXTRACT done - summary in _logs/autoextract.log
